Sat Oct 25 16:12:52 2025       
+---------------------------------------------------------------------------------------+
| NVIDIA-SMI 535.129.03             Driver Version: 535.129.03   CUDA Version: 12.2     |
|-----------------------------------------+----------------------+----------------------+
| GPU  Name                 Persistence-M | Bus-Id        Disp.A | Volatile Uncorr. ECC |
| Fan  Temp   Perf          Pwr:Usage/Cap |         Memory-Usage | GPU-Util  Compute M. |
|                                         |                      |               MIG M. |
|=========================================+======================+======================|
|   0  NVIDIA A100-PCIE-40GB          Off | 00000000:0B:00.0 Off |                    0 |
| N/A   27C    P0              33W / 250W |      4MiB / 40960MiB |      0%      Default |
|                                         |                      |             Disabled |
+-----------------------------------------+----------------------+----------------------+
                                                                                         
+---------------------------------------------------------------------------------------+
| Processes:                                                                            |
|  GPU   GI   CI        PID   Type   Process name                            GPU Memory |
|        ID   ID                                                             Usage      |
|=======================================================================================|
|  No running processes found                                                           |
+---------------------------------------------------------------------------------------+
Traceback (most recent call last):
  File "/home/Student/s4891344/miniconda3/envs/torch/lib/python3.10/runpy.py", line 196, in _run_module_as_main
    return _run_code(code, main_globals, None,
  File "/home/Student/s4891344/miniconda3/envs/torch/lib/python3.10/runpy.py", line 86, in _run_code
    exec(code, run_globals)
  File "/home/Student/s4891344/recognition/src/train.py", line 32, in <module>
    from .dataset import create_dataloaders  # type: ignore
  File "/home/Student/s4891344/recognition/src/dataset.py", line 29, in <module>
    import torchvision.transforms as T
  File "/home/Student/s4891344/miniconda3/envs/torch/lib/python3.10/site-packages/torchvision/__init__.py", line 10, in <module>
    from torchvision import _meta_registrations, datasets, io, models, ops, transforms, utils  # usort:skip
  File "/home/Student/s4891344/miniconda3/envs/torch/lib/python3.10/site-packages/torchvision/_meta_registrations.py", line 164, in <module>
    def meta_nms(dets, scores, iou_threshold):
  File "/home/Student/s4891344/miniconda3/envs/torch/lib/python3.10/site-packages/torch/library.py", line 795, in register
    use_lib._register_fake(op_name, func, _stacklevel=stacklevel + 1)
  File "/home/Student/s4891344/miniconda3/envs/torch/lib/python3.10/site-packages/torch/library.py", line 184, in _register_fake
    handle = entry.fake_impl.register(func_to_register, source)
  File "/home/Student/s4891344/miniconda3/envs/torch/lib/python3.10/site-packages/torch/_library/fake_impl.py", line 31, in register
    if torch._C._dispatch_has_kernel_for_dispatch_key(self.qualname, "Meta"):
RuntimeError: operator torchvision::nms does not exist
